
[Figure 1] CKI Framework (redesigned v2) ...
  saved: figure1_concept_pipeline.png / .pdf
[Figure 2] Tabula Muris Calibration ...
  Panel D: omega by category (n=[6, 4, 3, 2]), X vs C P=3.57e-02
  saved: figure2_calibration_tabula_muris.png / .pdf
[Figure 3] Orthogonal Information ...
  saved: figure3_orthogonal_information.png / .pdf
[Figure 4] TCGA Pan-Cancer ...
  saved: figure4_tcga_pancancer.png / .pdf
[Figure 5] Cross-Organ Conservation ...
  saved: figure5_cross_organ_conservation.png / .pdf
[Figure 6] Brain Regional CKI ...
  saved: figure6_brain_regional_cki.png / .pdf
[ED Figure 1] Parameter Sweep & Pathway ...
  Panel A: loaded HK stability data from C:\Users\KnightZ\Desktop\细胞受选择\results\hk_stability_sweep.csv
  Panel B: loaded per-module variance from C:\Users\KnightZ\Desktop\细胞受选择\results\phase32_pathway_scores.csv (38 CTs x 20 modules)
  Panel C: loaded sweep AUC from CSV: ['0.786', '0.764', '0.691', '0.558']
  saved: ed_fig1_parameter_sweep_pathway.png / .pdf
[ED Figure 2] Cross-Species Validation ...
  Panel B: loaded HK overlap data from CSV
  saved: ed_fig2_cross_species_validation.png / .pdf
[ED Figure 3] TCGA Per-Cancer Matrices ...
  saved: ed_fig3_tcga_per_cancer.png / .pdf
[ED Figure 4] Method Comparison AUC ...
  saved: ed_fig4_method_comparison_auc.png / .pdf
[ED Figure 5] Cross-Organ Table ...
  saved: ed_fig5_cross_organ_table.png / .pdf
[ED Figure 6] Brain Analysis Details ...
  saved: ed_fig6_brain_analysis.png / .pdf
[ED Figure 7] Migration Candidates ...
  saved: ed_fig7_migration_candidates.png / .pdf

=================================================================
All 13 Genome Biology figures generated successfully!
Output: C:\Users\KnightZ\Desktop\细胞受选择\results\figures_final
=================================================================
