============================================================
E0. Loading TS Human data & building CT pseudobulks...
============================================================
  TS_Liver: 5007 cells, 13 CTs
  TS_Kidney: 9641 cells, 7 CTs
  TS_Heart: 11505 cells, 6 CTs
  TS_Bone_Marrow: 12297 cells, 17 CTs
  TS_Spleen: 34004 cells, 24 CTs
  TS_Lung: 35682 cells, 40 CTs

  Common genes: 58870
  Unified: 108136 cells x 58870 genes
  After QC: 107399 cells x 51852 genes
  log1p-normalized
  Global HK genes in data: 1129
  Viable CT entries: 99
    Liver|hepatocyte (donor=TSP14, n=1491)
    Liver|macrophage (donor=TSP6, n=1379)
    Liver|monocyte (donor=TSP6, n=605)
    Liver|endothelial cell of hepatic sinusoid (donor=TSP6, n=341)
    Liver|endothelial cell (donor=TSP14, n=267)
    Liver|nk cell (donor=TSP6, n=231)
    Liver|t cell (donor=TSP14, n=126)
    Liver|erythrocyte (donor=TSP14, n=89)
    Liver|fibroblast (donor=TSP6, n=70)
    Liver|neutrophil (donor=TSP6, n=63)
    Liver|intrahepatic cholangiocyte (donor=TSP14, n=31)
    Liver|liver dendritic cell (donor=TSP6, n=34)
    Liver|plasma cell (donor=TSP6, n=19)
    Kidney|kidney epithelial cell (donor=TSP2, n=8290)
    Kidney|b cell (donor=TSP2, n=340)
    Kidney|macrophage (donor=TSP2, n=318)
    Kidney|cd8-positive, alpha-beta t cell (donor=TSP2, n=238)
    Kidney|cd4-positive helper t cell (donor=TSP2, n=181)
    Kidney|nk cell (donor=TSP2, n=131)
    Kidney|endothelial cell (donor=TSP2, n=95)
    Heart|cardiac muscle cell (donor=TSP12, n=7204)
    Heart|cardiac endothelial cell (donor=TSP12, n=2665)
    Heart|hepatocyte (donor=TSP12, n=1086)
    Heart|fibroblast of cardiac tissue (donor=TSP12, n=250)
    Heart|smooth muscle cell (donor=TSP12, n=222)
    Heart|macrophage (donor=TSP12, n=72)
    Bone_Marrow|cd24 neutrophil (donor=TSP14, n=2106)
    Bone_Marrow|cd4-positive, alpha-beta t cell (donor=TSP14, n=833)
    Bone_Marrow|monocyte (donor=TSP2, n=557)
    Bone_Marrow|cd8-positive, alpha-beta t cell (donor=TSP2, n=439)
    Bone_Marrow|granulocyte (donor=TSP14, n=454)
    Bone_Marrow|plasma cell (donor=TSP11, n=365)
    Bone_Marrow|erythroid progenitor (donor=TSP14, n=334)
    Bone_Marrow|nk cell (donor=TSP2, n=345)
    Bone_Marrow|hematopoietic stem cell (donor=TSP2, n=256)
    Bone_Marrow|nampt neutrophil (donor=TSP14, n=381)
    Bone_Marrow|memory b cell (donor=TSP14, n=160)
    Bone_Marrow|myeloid progenitor (donor=TSP14, n=177)
    Bone_Marrow|macrophage (donor=TSP2, n=157)
    Bone_Marrow|naive b cell (donor=TSP2, n=85)
    Bone_Marrow|neutrophil (donor=TSP14, n=73)
    Bone_Marrow|erythrocyte (donor=TSP14, n=83)
    Spleen|memory b cell (donor=TSP14, n=2774)
    Spleen|neutrophil (donor=TSP14, n=3814)
    Spleen|classical monocyte (donor=TSP14, n=2959)
    Spleen|cd8-positive, alpha-beta memory t cell (donor=TSP14, n=2756)
    Spleen|plasma cell (donor=TSP14, n=1814)
    Spleen|nk cell (donor=TSP14, n=1239)
    Spleen|cd4-positive, alpha-beta memory t cell (donor=TSP14, n=1042)
    Spleen|macrophage (donor=TSP14, n=522)
    Spleen|naive thymus-derived cd4-positive, alpha-beta t cell (donor=TSP14, n=661)
    Spleen|naive b cell (donor=TSP2, n=566)
    Spleen|type i nk t cell (donor=TSP14, n=589)
    Spleen|naive thymus-derived cd8-positive, alpha-beta t cell (donor=TSP2, n=378)
    Spleen|endothelial cell (donor=TSP7, n=310)
    Spleen|mature nk t cell (donor=TSP2, n=426)
    Spleen|regulatory t cell (donor=TSP14, n=145)
    Spleen|intermediate monocyte (donor=TSP7, n=100)
    Spleen|innate lymphoid cell (donor=TSP14, n=66)
    Spleen|erythrocyte (donor=TSP14, n=99)
    Spleen|hematopoietic stem cell (donor=TSP14, n=45)
    Spleen|cd1c-positive myeloid dendritic cell (donor=TSP2, n=25)
    Spleen|cd141-positive myeloid dendritic cell (donor=TSP2, n=33)
    Spleen|cd8-positive, alpha-beta t cell (donor=TSP2, n=43)
    Spleen|plasmacytoid dendritic cell (donor=TSP14, n=37)
    Spleen|platelet (donor=TSP14, n=10)
    Lung|macrophage (donor=TSP1, n=8568)
    Lung|type ii pneumocyte (donor=TSP2, n=4091)
    Lung|basal cell (donor=TSP2, n=2136)
    Lung|classical monocyte (donor=TSP2, n=1103)
    Lung|club cell (donor=TSP2, n=983)
    Lung|non-classical monocyte (donor=TSP2, n=848)
    Lung|capillary endothelial cell (donor=TSP2, n=804)
    Lung|respiratory goblet cell (donor=TSP2, n=479)
    Lung|basophil (donor=TSP1, n=494)
    Lung|lung ciliated cell (donor=TSP2, n=315)
    Lung|capillary aerocyte (donor=TSP2, n=506)
    Lung|cd8-positive, alpha-beta t cell (donor=TSP2, n=393)
    Lung|cd4-positive, alpha-beta t cell (donor=TSP2, n=381)
    Lung|vein endothelial cell (donor=TSP2, n=370)
    Lung|lung microvascular endothelial cell (donor=TSP2, n=462)
    Lung|adventitial cell (donor=TSP2, n=271)
    Lung|alveolar fibroblast (donor=TSP1, n=167)
    Lung|dendritic cell (donor=TSP1, n=278)
    Lung|intermediate monocyte (donor=TSP2, n=252)
    Lung|pericyte cell (donor=TSP2, n=192)
    Lung|type i pneumocyte (donor=TSP1, n=147)
    Lung|endothelial cell of artery (donor=TSP2, n=103)
    Lung|neutrophil (donor=TSP14, n=136)
    Lung|cd4-positive alpha-beta t cell (donor=TSP14, n=132)
    Lung|nk cell (donor=TSP2, n=94)
    Lung|plasma cell (donor=TSP2, n=92)
    Lung|b cell (donor=TSP1, n=64)
    Lung|vascular associated smooth muscle cell (donor=TSP1, n=43)
    Lung|cd8-positive alpha-beta t cell (donor=TSP14, n=80)
    Lung|bronchial smooth muscle cell (donor=TSP2, n=48)
    Lung|bronchial vessel endothelial cell (donor=TSP14, n=47)
    Lung|endothelial cell of lymphatic vessel (donor=TSP1, n=28)
    Lung|smooth muscle cell (donor=TSP14, n=25)

============================================================
E1. Computing 5 distance metrics for all pairs...
============================================================
  Total pairs: 4851
  Computing per-CT marker gene sets...
  Computing pairwise metrics...
  Progress: row 10/99
  Progress: row 20/99
  Progress: row 30/99
  Progress: row 40/99
  Progress: row 50/99
  Progress: row 60/99
  Progress: row 70/99
  Progress: row 80/99
  Progress: row 90/99
  Complete: 4851 pairs

============================================================
E2. Inter-metric correlation matrix...
============================================================

  Spearman correlation matrix:
                        CKI omega     Raw JS Spearman dist Cosine dist Marker Jaccard dist
             CKI omega   1.000***  -0.396***  -0.461***  -0.386***  -0.358***
                Raw JS  -0.396***   1.000***   0.632***   0.935***   0.884***
         Spearman dist  -0.461***   0.632***   1.000***   0.737***   0.569***
           Cosine dist  -0.386***   0.935***   0.737***   1.000***   0.895***
   Marker Jaccard dist  -0.358***   0.884***   0.569***   0.895***   1.000***
  Saved: phase35_metric_correlation.csv
  Saved: phase35_metric_correlation_heatmap.png

============================================================
E3. ROC-AUC analysis: same-CT vs diff-CT...
============================================================
               CKI omega: AUC = 0.6797
                  Raw JS: AUC = 0.8488
           Spearman dist: AUC = 0.6904
             Cosine dist: AUC = 0.8865
     Marker Jaccard dist: AUC = 0.8007
  Saved: phase35_roc_curves.png
  Saved: phase35_auc_bars.png

============================================================
E4. Cross-organ conservation ranking analysis...
============================================================
  Same-CT cross-organ pairs: 59

  Cross-organ conservation pairs (sorted by CKI omega):
  CT                             Org1         Org2            omega   js_raw spearman
  macrophage                     Heart        Bone_Marrow      4.50     0.00   0.2750
  macrophage                     Liver        Heart            5.70     0.00   0.3064
  macrophage                     Heart        Lung             5.74     0.01   0.3198
  neutrophil                     Liver        Bone_Marrow      6.05     0.01   0.6110
  cd8-positive, alpha-beta t..   Bone_Marrow  Spleen           6.16     0.00   0.2098
  cd8-positive, alpha-beta t..   Spleen       Lung             6.26     0.00   0.1775
  cd8-positive, alpha-beta t..   Kidney       Spleen           6.30     0.00   0.2031
  neutrophil                     Liver        Lung             6.84     0.01   0.6043
  neutrophil                     Liver        Spleen           7.03     0.01   0.6263
  plasma cell                    Liver        Lung             7.12     0.00   0.3062
  macrophage                     Kidney       Bone_Marrow      8.39     0.00   0.2146
  hepatocyte                     Liver        Heart            8.57     0.01   0.2581
  plasma cell                    Liver        Bone_Marrow      8.63     0.00   0.3817
  macrophage                     Heart        Spleen           9.04     0.00   0.3011
  b cell                         Kidney       Lung             9.36     0.00   0.2585
  plasma cell                    Liver        Spleen          10.05     0.01   0.3684
  macrophage                     Kidney       Heart           10.36     0.00   0.2944
  erythrocyte                    Bone_Marrow  Spleen          10.43     0.00   0.3268
  cd8-positive, alpha-beta t..   Kidney       Lung            10.43     0.00   0.1813
  hematopoietic stem cell        Bone_Marrow  Spleen          11.12     0.00   0.2214
  Saved: phase35_cross_organ_conservation.csv
  Saved: phase35_cross_organ_summary.csv (17 cell types)
    hepatocyte                               mean=8.57  SD=—  n=1
    b cell                                   mean=9.36  SD=—  n=1
    cd8-positive, alpha-beta t cell          mean=9.93  SD=4.62  n=6
    plasma cell                              mean=10.20  SD=2.03  n=6
    hematopoietic stem cell                  mean=11.12  SD=—  n=1
    smooth muscle cell                       mean=12.22  SD=—  n=1
    neutrophil                               mean=14.22  SD=8.49  n=6
    monocyte                                 mean=15.19  SD=—  n=1
    macrophage                               mean=15.49  SD=8.46  n=15
    cd4-positive, alpha-beta t cell          mean=16.71  SD=—  n=1
    nk cell                                  mean=17.28  SD=3.14  n=10
    classical monocyte                       mean=17.50  SD=—  n=1
    naive b cell                             mean=21.06  SD=—  n=1
    intermediate monocyte                    mean=21.78  SD=—  n=1
    memory b cell                            mean=22.36  SD=—  n=1
    endothelial cell                         mean=26.25  SD=8.59  n=3
    erythrocyte                              mean=29.36  SD=23.07  n=3

  Ranking consistency across metrics (Spearman r on cross-organ pairs):
               CKI omega   1.000  -0.130  -0.401  -0.210   0.022
                  Raw JS  -0.130   1.000   0.491   0.943   0.837
           Spearman dist  -0.401   0.491   1.000   0.574   0.286
             Cosine dist  -0.210   0.943   0.574   1.000   0.810
     Marker Jaccard dist   0.022   0.837   0.286   0.810   1.000

============================================================
E5. Summary Statistics...
============================================================
               CKI omega: min=1.3528 max=87.6947 mean=21.6135 median=19.6532 std=10.4689
                  Raw JS: min=0.0003 max=0.0258 mean=0.0082 median=0.0075 std=0.0040
           Spearman dist: min=0.1020 max=0.7092 mean=0.2940 median=0.2834 std=0.0835
             Cosine dist: min=0.0101 max=0.7206 mean=0.3042 median=0.2941 std=0.1260
     Marker Jaccard dist: min=0.1567 max=0.9899 mean=0.7233 median=0.7220 std=0.1610

  Per-category breakdown:
               CKI omega: SameCT_mean=15.8308 DiffCT_mean=21.6847 EffectSep=1.37 SameOrg=24.8724 DiffOrg=20.7263
                  Raw JS: SameCT_mean=0.0039 DiffCT_mean=0.0082 EffectSep=2.12 SameOrg=0.0075 DiffOrg=0.0084
           Spearman dist: SameCT_mean=0.2568 DiffCT_mean=0.2945 EffectSep=1.15 SameOrg=0.2675 DiffOrg=0.3013
             Cosine dist: SameCT_mean=0.1347 DiffCT_mean=0.3063 EffectSep=2.27 SameOrg=0.2754 DiffOrg=0.3121
     Marker Jaccard dist: SameCT_mean=0.5389 DiffCT_mean=0.7255 EffectSep=1.35 SameOrg=0.7014 DiffOrg=0.7292

============================================================
Saving pair-level data...
============================================================
  Saved: phase35_all_metrics_pairs.csv (4851 pairs)

============================================================
Generating scatter comparison plots...
============================================================
  Saved: phase35_scatter_comparison.png

============================================================
Writing comprehensive report...
============================================================
  Saved: phase35_method_comparison_report.md

============================================================
Phase 3.5 COMPLETE.
============================================================
