============================================================
1. Loading HK genes from HRT Atlas...
============================================================
  HRT Atlas: 1129 human HK genes

============================================================
2. Opening Siletti Nonneurons.h5ad (backed='r')...
============================================================
  Shape: (888263, 59480)  (backed, loaded in 2s)
  X type: <class 'anndata._core.sparse_dataset._CSRDataset'>
  Cell types: ['Astrocyte', 'Bergmann glia', 'Choroid plexus', 'Committed oligodendrocyte precursor', 'Ependymal', 'Fibroblast', 'Microglia', 'Oligodendrocyte', 'Oligodendrocyte precursor', 'Vascular']
  Regions: 108
  Matched HK genes: 1115

============================================================
3. Computing global gene means for HVG selection...
============================================================
    Processed 200000/888263 cells...
    Processed 400000/888263 cells...
    Processed 600000/888263 cells...
    Processed 800000/888263 cells...
  Computed means for 59480 genes in 67s
  Selected top 5000 HVG (non-HK, by mean expression)
  Reduced gene set: 6115 genes (HK=1115 + HVG=5000)
  HK positions in reduced set: 1115
  Non-HK positions in reduced set: 5000

============================================================
5. Filtering groups...
============================================================
C:\Users\KnightZ\Desktop\细胞受选择\notebooks\08c_brain_bootstrap_v3.py:268: FutureWarning: The default of observed=False is deprecated and will be changed to True in a future version of pandas. Pass observed=False to retain current behavior or observed=True to adopt the future default and silence this warning.
  groups = adata.obs.groupby([region_col, ct_col]).size().reset_index(name="count")
  Groups passing: 700 (from 1080 total)
  Cell types: 10: ['Astrocyte', 'Bergmann glia', 'Choroid plexus', 'Committed oligodendrocyte precursor', 'Ependymal', 'Fibroblast', 'Microglia', 'Oligodendrocyte', 'Oligodendrocyte precursor', 'Vascular']

  Cells per cell type:
    Astrocyte: 155025 cells, 108 regions, 5778 pairs
    Bergmann glia: 7965 cells, 7 regions, 21 pairs
    Choroid plexus: 7643 cells, 6 regions, 15 pairs
    Committed oligodendrocyte precursor: 4118 cells, 52 regions, 1326 pairs
    Ependymal: 5779 cells, 40 regions, 780 pairs
    Fibroblast: 8897 cells, 83 regions, 3403 pairs
    Microglia: 91826 cells, 107 regions, 5671 pairs
    Oligodendrocyte: 490246 cells, 108 regions, 5778 pairs
    Oligodendrocyte precursor: 105723 cells, 107 regions, 5671 pairs
    Vascular: 9586 cells, 82 regions, 3321 pairs

============================================================
6. Per-CT extraction + observed omega + bootstrap (B=1000)
============================================================

  --- Astrocyte (108 regions, 5778 pairs) ---
      Extraction chunk 5/8 (100000/155025 sorted cells)
    Extracted 155025 cells x 6115 genes (CSR, 263333091 nnz, 27.8% dense, ~526.7MB data, 22s)
    Observed: 5778 pairs, mean=76.20, max=265.43, std=41.66
    Iter 200/1000, elapsed=715s, ETA=2861s
    Iter 400/1000, elapsed=1382s, ETA=2073s
    Iter 600/1000, elapsed=2045s, ETA=1363s
    Iter 800/1000, elapsed=2701s, ETA=675s
    Iter 1000/1000, elapsed=3355s, ETA=0s
    BS done in 3355s (total CT: 3383s)
    obs_mean=76.2039, null_mean=12.5788, null_std=0.1977
    p_value=9.9900e-04, d=321.85, 95% CI=[12.2162, 12.9672]

  --- Bergmann glia (7 regions, 21 pairs) ---
    Extracted 7965 cells x 6115 genes (CSR, 13902047 nnz, 28.5% dense, ~27.8MB data, 1s)
    Observed: 21 pairs, mean=11.17, max=21.84, std=3.42
    Iter 200/1000, elapsed=25s, ETA=100s
    Iter 400/1000, elapsed=50s, ETA=75s
    Iter 600/1000, elapsed=77s, ETA=51s
    Iter 800/1000, elapsed=104s, ETA=26s
    Iter 1000/1000, elapsed=131s, ETA=0s
    BS done in 131s (total CT: 132s)
    obs_mean=11.1699, null_mean=8.7510, null_std=0.3742
    p_value=2.9970e-03, d=6.46, 95% CI=[8.1867, 9.5850]

  --- Choroid plexus (6 regions, 15 pairs) ---
    Extracted 7643 cells x 6115 genes (CSR, 20672586 nnz, 44.2% dense, ~41.3MB data, 2s)
    Observed: 15 pairs, mean=33.97, max=144.95, std=34.67
    Iter 200/1000, elapsed=40s, ETA=159s
    Iter 400/1000, elapsed=76s, ETA=114s
    Iter 600/1000, elapsed=112s, ETA=75s
    Iter 800/1000, elapsed=149s, ETA=37s
    Iter 1000/1000, elapsed=185s, ETA=0s
    BS done in 185s (total CT: 187s)
    obs_mean=33.9673, null_mean=14.8930, null_std=2.0458
    p_value=9.9900e-04, d=9.32, 95% CI=[12.1004, 20.1723]

  --- Committed oligodendrocyte precursor (52 regions, 1326 pairs) ---
    Extracted 4118 cells x 6115 genes (CSR, 6540396 nnz, 26.0% dense, ~13.1MB data, 49s)
    Observed: 1326 pairs, mean=30.57, max=106.94, std=14.77
    Iter 200/1000, elapsed=56s, ETA=224s
    Iter 400/1000, elapsed=112s, ETA=169s
    Iter 600/1000, elapsed=168s, ETA=112s
    Iter 800/1000, elapsed=223s, ETA=56s
    Iter 1000/1000, elapsed=279s, ETA=0s
    BS done in 279s (total CT: 329s)
    obs_mean=30.5738, null_mean=18.7598, null_std=0.8578
    p_value=9.9900e-04, d=13.77, 95% CI=[17.0518, 20.3433]

  --- Ependymal (40 regions, 780 pairs) ---
    Extracted 5779 cells x 6115 genes (CSR, 10187615 nnz, 28.8% dense, ~20.4MB data, 1s)
    Observed: 780 pairs, mean=14.52, max=37.40, std=4.61
    Iter 200/1000, elapsed=45s, ETA=180s
    Iter 400/1000, elapsed=91s, ETA=137s
    Iter 600/1000, elapsed=136s, ETA=91s
    Iter 800/1000, elapsed=182s, ETA=46s
    Iter 1000/1000, elapsed=227s, ETA=0s
    BS done in 227s (total CT: 229s)
    obs_mean=14.5218, null_mean=10.8163, null_std=0.3713
    p_value=9.9900e-04, d=9.98, 95% CI=[10.1583, 11.5395]

  --- Fibroblast (83 regions, 3403 pairs) ---
    Extracted 8897 cells x 6115 genes (CSR, 11397715 nnz, 20.9% dense, ~22.8MB data, 1s)
    Observed: 3403 pairs, mean=13.99, max=52.87, std=4.43
    Iter 200/1000, elapsed=134s, ETA=535s
    Iter 400/1000, elapsed=267s, ETA=400s
    Iter 600/1000, elapsed=402s, ETA=268s
    Iter 800/1000, elapsed=535s, ETA=134s
    Iter 1000/1000, elapsed=671s, ETA=0s
    BS done in 671s (total CT: 673s)
    obs_mean=13.9911, null_mean=11.9972, null_std=0.2152
    p_value=9.9900e-04, d=9.27, 95% CI=[11.5754, 12.4244]

  --- Microglia (107 regions, 5671 pairs) ---
    Extracted 91826 cells x 6115 genes (CSR, 101565321 nnz, 18.1% dense, ~203.1MB data, 7s)
    Observed: 5671 pairs, mean=13.54, max=44.17, std=5.15
    Iter 200/1000, elapsed=374s, ETA=1497s
    Iter 400/1000, elapsed=748s, ETA=1123s
    Iter 600/1000, elapsed=1121s, ETA=747s
    Iter 800/1000, elapsed=1493s, ETA=373s
    Iter 1000/1000, elapsed=1865s, ETA=0s
    BS done in 1865s (total CT: 1876s)
    obs_mean=13.5381, null_mean=8.9805, null_std=0.1332
    p_value=9.9900e-04, d=34.22, 95% CI=[8.7432, 9.2626]

  --- Oligodendrocyte (108 regions, 5778 pairs) ---
      Extraction chunk 5/25 (100000/490246 sorted cells)
      Extraction chunk 10/25 (200000/490246 sorted cells)
      Extraction chunk 15/25 (300000/490246 sorted cells)
      Extraction chunk 20/25 (400000/490246 sorted cells)
      Extraction chunk 25/25 (490246/490246 sorted cells)
    Extracted 490246 cells x 6115 genes (CSR, 821936812 nnz, 27.4% dense, ~1643.9MB data, 49s)
    Observed: 5778 pairs, mean=41.73, max=109.51, std=23.31
    Iter 200/1000, elapsed=1621s, ETA=6485s
    Iter 400/1000, elapsed=3232s, ETA=4848s
    Iter 600/1000, elapsed=4842s, ETA=3228s
    Iter 800/1000, elapsed=6455s, ETA=1614s
    Iter 1000/1000, elapsed=8067s, ETA=0s
    BS done in 8067s (total CT: 8126s)
    obs_mean=41.7344, null_mean=10.5902, null_std=0.1329
    p_value=9.9900e-04, d=234.42, 95% CI=[10.3344, 10.8572]

  --- Oligodendrocyte precursor (107 regions, 5671 pairs) ---
      Extraction chunk 5/6 (100000/105723 sorted cells)
    Extracted 105723 cells x 6115 genes (CSR, 203070807 nnz, 31.4% dense, ~406.1MB data, 13s)
    Observed: 5671 pairs, mean=22.69, max=121.92, std=14.67
    Iter 200/1000, elapsed=544s, ETA=2177s
    Iter 400/1000, elapsed=1087s, ETA=1631s
    Iter 600/1000, elapsed=1630s, ETA=1087s
    Iter 800/1000, elapsed=2173s, ETA=543s
    Iter 1000/1000, elapsed=2716s, ETA=0s
    BS done in 2716s (total CT: 2733s)
    obs_mean=22.6929, null_mean=11.1586, null_std=0.3578
    p_value=9.9900e-04, d=32.23, 95% CI=[10.6865, 11.9518]

  --- Vascular (82 regions, 3321 pairs) ---
    Extracted 9586 cells x 6115 genes (CSR, 11122302 nnz, 19.0% dense, ~22.2MB data, 1s)
    Observed: 3321 pairs, mean=12.60, max=32.93, std=4.03
    Iter 200/1000, elapsed=137s, ETA=546s
    Iter 400/1000, elapsed=272s, ETA=409s
    Iter 600/1000, elapsed=408s, ETA=272s
    Iter 800/1000, elapsed=542s, ETA=135s
    Iter 1000/1000, elapsed=677s, ETA=0s
    BS done in 677s (total CT: 680s)
    obs_mean=12.5975, null_mean=10.0609, null_std=0.1548
    p_value=9.9900e-04, d=16.39, 95% CI=[9.7473, 10.3669]

============================================================
7. Saving results...
============================================================

                          cell_type  n_regions  n_pairs  n_cells omega_mean omega_max omega_std    p_value null_mean null_std cohens_d ci_95_lower ci_95_upper q_value
                          Astrocyte        108     5778   155025    76.2039  265.4272   41.6641 9.9900e-04   12.5788   0.1977 321.8464     12.2162     12.9672  0.0011
                    Oligodendrocyte        108     5778   490246    41.7344  109.5070   23.3126 9.9900e-04   10.5902   0.1329 234.4231     10.3344     10.8572  0.0011
                     Choroid plexus          6       15     7643    33.9673  144.9472   34.6686 9.9900e-04   14.8930   2.0458   9.3238     12.1004     20.1723  0.0011
Committed oligodendrocyte precursor         52     1326     4118    30.5738  106.9393   14.7731 9.9900e-04   18.7598   0.8578  13.7730     17.0518     20.3433  0.0011
          Oligodendrocyte precursor        107     5671   105723    22.6929  121.9224   14.6653 9.9900e-04   11.1586   0.3578  32.2332     10.6865     11.9518  0.0011
                          Ependymal         40      780     5779    14.5218   37.3997    4.6083 9.9900e-04   10.8163   0.3713   9.9804     10.1583     11.5395  0.0011
                         Fibroblast         83     3403     8897    13.9911   52.8744    4.4260 9.9900e-04   11.9972   0.2152   9.2666     11.5754     12.4244  0.0011
                          Microglia        107     5671    91826    13.5381   44.1670    5.1506 9.9900e-04    8.9805   0.1332  34.2201      8.7432      9.2626  0.0011
                           Vascular         82     3321     9586    12.5975   32.9285    4.0276 9.9900e-04   10.0609   0.1548  16.3859      9.7473     10.3669  0.0011
                      Bergmann glia          7       21     7965    11.1699   21.8359    3.4159 2.9970e-03    8.7510   0.3742   6.4644      8.1867      9.5850  0.0029

Saved: C:\Users\KnightZ\Desktop\细胞受选择\results\brain_bootstrap_results.csv

Summary:
  Cell types tested: 10
  P < 0.05: 10
  P < 0.01: 10
  FDR < 0.05: 10
  FDR < 0.01: 10
  P-value range: [9.9900e-04, 2.9970e-03]
  Q-value range: [1.1100e-03, 2.9970e-03]
  P-value range: [9.9900e-04, 2.9970e-03]

Done! Brain bootstrap v3 complete.
