1 PMID 40066175 | Anim Cells Syst (Seoul) 2025 | 29:11-20 | Augmenting the human interactome for disease prediction thro
2 PMID 31740819 | Nat Methods 2019 | 16:1289-1296 | Fast, sensitive and accurate integration of single-cell data
3 PMID 42676589 | Front Genet 2026 | 17:1813369 | Integrating single-cell transcriptomics with deep learning f
4 PMID 38366243 | Nat Methods 2024 | 21:1492-1500 | Toward universal cell embeddings: integrating single-cell RN
5 PMID 41619215 | Brief Bioinform 2026 | 27: | Advances and challenges in single-cell RNA sequencing data a
6 PMID 3444411 | Mol Biol Evol 1986 | 3:418-26 | Simple methods for estimating the numbers of synonymous and 
7 PMID 17483113 | Mol Biol Evol 2007 | 24:1586-91 | PAML 4: phylogenetic analysis by maximum likelihood.
8 PMID 30283141 | Nature 2018 | 562:367-372 | Single-cell transcriptomics of 20 mouse organs creates a Tab
9 PMID 35549404 | Science 2022 | 376:eabl4896 | The Tabula Sapiens: A multiple-organ, single-cell transcript
10 PMID 41691315 | Genome Med 2026 | 18: | Multiomics assessment of lung adenocarcinoma subtypes define
11 PMID 23000897 | Nature 2012 | 490:61-70 | Comprehensive molecular portraits of human breast tumours.
12 PMID 37824663 | Science 2023 | 382:eadd7046 | Transcriptomic diversity of cell types across the adult huma
13 NO_PMID | HRT Atlas v1.0 database: redefining human and mouse housekeeping genes
14 PMID 33057163 | Nat Biotechnol 2020 | 38:1356 | Author Correction: Multiplexed droplet single-cell RNA-seque
15 NO_PMID | Primary carcinoma of the liver: a study of 100 cases among 48,900 necr
16 PMID 23000897 | Nature 2012 | 490:61-70 | Comprehensive molecular portraits of human breast tumours.
17 PMID 37672882 | J Clin Oncol 2023 | 41:4192-4199 | Supervised Risk Predictor of Breast Cancer Based on Intrinsi
18 PMID 38987604 | Nature 2024 | 632:603-613 | Single-cell atlas of the human brain vasculature across deve
19 PMID 39210068 | Nat Neurosci 2024 | 27:1892-1903 | Characteristics of blood-brain barrier heterogeneity between
20 PMID 37756588 | Development 2023 | 150: | Meningeal origins and dynamics of perivascular fibroblast de
21 PMID 35928571 | Front Cell Neurosci 2022 | 16:954071 | Novel Alzheimer risk factor IQ motif containing protein K is
22 PMID 31685984 | Nat Cell Biol 2019 | 21:1403-1412 | Tumour exosomal CEMIP protein promotes cancer cell colonizat
23 PMID 35977545 | Dev Cell 2022 | 57:2127-2139.e6 | The spatiotemporal dynamics of microglia across the human li
24 PMID 37099424 | Cell Rep 2023 | 42:112425 | Microglia colonize the developing brain by clonal expansion 
25 PMID 26798014 | Science 2016 | 351:379-84 | Oligodendrocyte precursors migrate along vasculature in the 
26 PMID 36384142 | Neuron 2023 | 111:190-201.e8 | Astrocyte endfoot formation controls the termination of olig
27 PMID 38849524 | Nat Neurosci 2024 | 27:1545-1554 | Developmental origin of oligodendrocytes determines their fu
28 NO_PMID | Bergmann glia are patterned into topographic molecular zones in the ce
29 PMID 38409116 | Cell Discov 2024 | 10:22 | Single-cell multi-omics analysis of lineage development and 
30 PMID 39300210 | EMBO J 2024 | 43:5114-5140 | Astrocyte allocation during brain development is controlled 
31 PMID 12184808 | Genome Biol 2002 | 3:RESEARCH0034 | Accurate normalization of real-time quantitative RT-PCR data
32 PMID 41667381 | WIREs Mech Dis 2026 | 18:e70007 | Nager Syndrome Revisited: Integrating In Vivo and In Vitro M
33 PMID 36718830 | J Investig Med 2023 | 71:173-182 | Development and validation of a prognostic model based on a 
34 NO_PMID | Single-cell proteomic and transcriptomic analyses reveal lower intrins
35 PMID 42716008 | Med 2026 | :101294 | Cardiovascular-kidney-metabolic syndrome and the risk of liv
36 PMID 33944782 | Elife 2021 | 10: | Mapping single-cell atlases throughout Metazoa unravels cell
37 PMID 38856169 | Brief Bioinform 2024 | 25: | CACIMAR: cross-species analysis of cell identities, markers,
38 PMID 17640361 | BMC Genomics 2007 | 8:243 | De-regulation of common housekeeping genes in hepatocellular
39 NO_PMID | Comparative cellular analysis of motor cortex in human, marmoset and m
40 PMID 27284195 | Science 2016 | 352:1326-1329 | Oligodendrocyte heterogeneity in the mouse juvenile and adul
41 PMID 30654924 | Neuron 2019 | 101:459-471.e5 | Oligodendrocyte Progenitor Cells Become Regionally Diverse a
42 PMID 31217225 | Mol Syst Biol 2019 | 15:e8746 | Current best practices in single-cell RNA-seq analysis: a tu
43 PMID 42511330 | Entropy (Basel) 2026 | 28: | A New Estimator of Kullback-Leibler Divergence via Shannon E
44 NO_PMID | Controlling the false discovery rate: a practical and powerful approac
45 PMID 29409532 | Genome Biol 2018 | 19:15 | SCANPY: large-scale single-cell gene expression data analysi
46 PMID 41845198 | BMC Bioinformatics 2026 | 27: | Explainable graph learning for multimodal single-cell data i
47 PMID 37231261 | Nat Biotechnol 2024 | 42:293-304 | Dictionary learning for integrative, multimodal and scalable
48 PMID 25936886 | Zhongguo Fei Ai Za Zhi 2015 | 18:219-23 | [Cancer Genome Atlas Pan-cancer Analysis Project].
49 NO_PMID | TCGAbiolinks: an R/Bioconductor package for integrative analysis of TC
50 PMID 22588877 | Cancer Discov 2012 | 2:401-4 | The cBio cancer genomics portal: an open platform for explor
51 PMID 38098348 | J Minim Invasive Surg 2023 | 26:167-175 | Mastering data visualization with Python: practical tips for
52 PMID 42598192 | Neurophotonics 2026 | 13:S32602 | Cedalion tutorial: a Python-based framework for comprehensiv
53 NO_PMID | An Introduction to the Bootstrap
54 PMID 39607691 | Nucleic Acids Res 2025 | 53:D886-D900 | CZ CELLxGENE Discover: a single-cell data platform for scala
55 ERROR <urlopen error Tunnel connection failed: 502 Bad Gateway>
56 PMID 40437370 | BMC Genomics 2025 | 26:540 | Single-cell data combined with phenotypes improves variant i
saved, total 56
