1 OK score=1.00 | The Human Cell Atlas | 2017
2 OK score=1.00 | Fast, sensitive and accurate integration of single-cell data | 2019
3 OK score=1.00 | Deep generative modeling for single-cell transcriptomics | 2018
4 OK score=1.00 | Toward universal cell embeddings: integrating single-cell RN | 2024
5 OK score=1.00 | A benchmark of batch-effect correction methods for single-ce | 2020
6 OK score=0.99 | Simple methods for estimating the numbers of synonymous and  | 1986
7 OK score=1.00 | PAML 4: Phylogenetic Analysis by Maximum Likelihood | 2007
8 OK score=1.00 | Single-cell transcriptomics of 20 mouse organs creates a Tab | 2018
9 OK score=0.97 | The Tabula Sapiens: a multiple organ single cell transcripto | 2021
10 OK score=1.00 | Comprehensive molecular profiling of lung adenocarcinoma | 2014
11 OK score=1.00 | Comprehensive molecular portraits of human breast tumours | 2012
12 OK score=1.00 | Transcriptomic diversity of cell types across the adult huma | 2023
13 OK score=1.00 | HRT Atlas v1.0 database: redefining human and mouse housekee | 2020
14 OK score=1.00 | Multiplexed droplet single-cell RNA-sequencing using natural | 2017
15 OK score=0.98 | Primary carcinoma of the liver.A study of 100 cases among 48 | 1954
16 OK score=1.00 | Molecular portraits of human breast tumours | 2000
17 OK score=1.00 | Supervised Risk Predictor of Breast Cancer Based on Intrinsi | 2009
18 OK score=1.00 | Single-cell atlas of the human brain vasculature across deve | 2024
19 OK score=0.84 | Characteristics of blood–brain barrier heterogeneity between | 2024
20 OK score=0.82 | Meningeal origins and dynamics of perivascular fibroblast de | 2023
21 OK score=1.00 | Microglial regional heterogeneity and its role in the brain | 2019
22 OK score=0.86 | The molecular determinants of microglial developmental dynam | 2024
23 OK score=1.00 | The spatiotemporal dynamics of microglia across the human li | 2022
24 OK score=0.97 | Microglia colonize the developing brain by clonal expansion  | 2023
25 OK score=1.00 | Oligodendrocyte precursors migrate along vasculature in the  | 2016
26 OK score=1.00 | Astrocyte endfoot formation controls the termination of olig | 2023
27 OK score=1.00 | Developmental origin of oligodendrocytes determines their fu | 2024
28 OK score=0.82 | Bergmann Glia are Patterned into Topographic Molecular Zones | 2014
29 OK score=1.00 | Single-cell multi-omics analysis of lineage development and  | 2024
30 OK score=1.00 | Astrocyte allocation during brain development is controlled  | 2024
31 OK score=1.00 | Accurate normalization of real-time quantitative RT-PCR data | 2002
32 OK score=1.00 | Human housekeeping genes, revisited | 2013
33 OK score=1.00 | Stochastic Gene Expression in a Single Cell | 2002
34 WEAK score=0.52 | Single-cell proteomic analysis of S. cerevisiae reveals the  | 2006
35 OK score=0.86 | Nature, Nurture, or Chance: Stochastic Gene Expression and I | 2008
36 OK score=1.00 | Mapping single-cell atlases throughout Metazoa unravels cell | 2021
37 OK score=0.95 | CACIMAR: cross-species analysis of cell identities, markers, | 2024
38 OK score=1.00 | De-regulation of common housekeeping genes in hepatocellular | 2007
39 WEAK score=0.47 | Spatially resolved cell atlas of the mouse primary motor cor | 2021
40 OK score=1.00 | Oligodendrocyte heterogeneity in the mouse juvenile and adul | 2016
41 OK score=1.00 | Oligodendrocyte Progenitor Cells Become Regionally Diverse a | 2019
42 OK score=0.97 | Current best practices in single‐cell RNA‐seq analysis: a tu | 2019
43 OK score=1.00 | Divergence measures based on the Shannon entropy | 1991
44 OK score=1.00 | Controlling the False Discovery Rate: A Practical and Powerf | 1995
45 OK score=1.00 | SCANPY: large-scale single-cell gene expression data analysi | 2018
46 OK score=1.00 | Integrated analysis of multimodal single-cell data | 2021
47 OK score=1.00 | Dictionary learning for integrative, multimodal and scalable | 2023
48 OK score=1.00 | The Cancer Genome Atlas Pan-Cancer analysis project | 2013
49 OK score=1.00 | TCGAbiolinks: an R/Bioconductor package for integrative anal | 2015
50 OK score=1.00 | The cBio Cancer Genomics Portal: An Open Platform for Explor | 2012
51 OK score=1.00 | seaborn: statistical data visualization | 2021
52 WEAK score=0.57 | Scikit-Learn Regression Tuning | 2019
53 OK score=1.00 | An Introduction to the Bootstrap | 1994
54 OK score=1.00 | CZ CELLxGENE Discover: a single-cell data platform for scala | 2024
55 OK score=1.00 | The Molecular Signatures Database Hallmark Gene Set Collecti | 2015
56 OK score=1.00 | Cell type prioritization in single-cell data | 2020
saved JSON, total 56
