============================================================
1. Loading data...
============================================================
  HK genes: 1130
  Annotations: 13654 cells

============================================================
2. Building unified AnnData...
============================================================
  Common genes: 23433
  Unified: 17957 cells x 23433 genes

============================================================
3. Preprocessing...
============================================================
  After QC: 15057 x 22308
  HVGs: 2000
  HK: 1064, Identity: 2000

============================================================
5. Building CT pseudobulk (largest mouse group)...
============================================================
  Viable CT entries: 38
    Liver|natural killer cell (n=28)
    Liver|hepatocyte (n=157)
    Liver|Kupffer cell (n=39)
    Liver|endothelial cell of hepatic sinusoid (n=162)
    Liver|B cell (n=23)
    Kidney|kidney collecting duct cell (n=13)
    Kidney|kidney tubule cell (n=76)
    Kidney|endothelial cell (n=21)
    Kidney|fenestrated cell (n=19)
    Kidney|leukocyte (n=16)
    Kidney|fibroblast (n=24)
    Spleen|T cell (n=79)
    Spleen|B cell (n=245)
    Spleen|myeloid cell (n=12)
    Lung|endothelial cell (n=248)
    Lung|stromal cell (n=79)
    Lung|type II pneumocyte (n=34)
    Lung|B cell (n=27)
    Lung|leukocyte (n=11)
    Lung|monocyte (n=17)
    Lung|dendritic cell (n=24)
    Lung|T cell (n=20)
    Lung|natural killer cell (n=14)
    Lung|macrophage (n=33)
    Heart|fibroblast (n=590)
    Heart|endothelial cell (n=286)
    Heart|smooth muscle cell (n=57)
    Heart|endocardial cell (n=50)
    Heart|leukocyte (n=109)
    Heart|cardiac muscle cell (n=36)
    Marrow|B cell (n=433)
    Marrow|Fraction A pre-pro B cell (n=49)
    Marrow|granulocyte (n=136)
    Marrow|hematopoietic stem cell (n=350)
    Marrow|monocyte (n=91)
    Marrow|T cell (n=53)
    Marrow|natural killer cell (n=48)
    Marrow|neutrophil (n=161)

============================================================
6. Computing all pairwise omega...
============================================================
  Total pairs: 703
Rows:   0%|          | 0/38 [00:00<?, ?it/s]Rows:  11%|█         | 4/38 [00:00<00:00, 39.69it/s]Rows:  24%|██▎       | 9/38 [00:00<00:00, 42.17it/s]Rows:  39%|███▉      | 15/38 [00:00<00:00, 48.60it/s]Rows:  58%|█████▊    | 22/38 [00:00<00:00, 56.23it/s]Rows: 100%|██████████| 38/38 [00:00<00:00, 74.06it/s]
C:\Users\KnightZ\Desktop\细胞受选择\notebooks\04_phase32_sweep.py:258: ClusterWarning: The symmetric non-negative hollow observation matrix looks suspiciously like an uncondensed distance matrix
  linkage_matrix = linkage(condensed_dist, method="ward")
C:\Users\KnightZ\Desktop\细胞受选择\notebooks\04_phase32_sweep.py:363: MatplotlibDeprecationWarning: The 'labels' parameter of boxplot() has been renamed 'tick_labels' since Matplotlib 3.9; support for the old name will be dropped in 3.11.
  bp = ax.boxplot(cat_data_values, labels=cat_names, patch_artist=True, widths=0.5)

  Computed 703 pairs

============================================================
8. Saving matrices...
============================================================
  Saved: full_matrix_omega.csv
  Saved: full_matrix_kn.csv
  Saved: full_matrix_kf.csv

============================================================
9. Summary Statistics
============================================================
  Omega range: [0.28, 37.93]
  Omega mean: 5.71
  Omega median: 4.06
  Omega std: 5.70

  Same tissue (n=116): mean=6.27, median=3.90
  Diff tissue (n=587): mean=5.60, median=4.06
  Same CT class (n=20): mean=2.15, median=2.08
  Diff CT class (n=683): mean=5.81, median=4.15

============================================================
10. Generating heatmap...
============================================================
  Saved: full_matrix_heatmap.png
  Saved: full_matrix_dendrogram.png

============================================================
12. Top 15 Most Differentiated Pairs
============================================================

  Top 15 (highest omega = most differentiated):
    Live|hepatocyte vs Lung|type II pneumocyte: omega=37.93, kn=0.01174, kf=0.44534
    Lung|type II pneumocyte vs Hear|smooth muscle cell: omega=37.14, kn=0.00980, kf=0.36415
    Lung|type II pneumocyte vs Hear|endothelial cell: omega=36.27, kn=0.01020, kf=0.36990
    Lung|type II pneumocyte vs Hear|fibroblast: omega=35.79, kn=0.01012, kf=0.36214
    Kidn|fenestrated cell vs Lung|type II pneumocyte: omega=35.51, kn=0.01075, kf=0.38192
    Lung|type II pneumocyte vs Hear|leukocyte: omega=33.08, kn=0.01079, kf=0.35708
    Lung|stromal cell vs Lung|type II pneumocyte: omega=32.46, kn=0.01123, kf=0.36434 (same tissue)
    Live|Kupffer cell vs Lung|type II pneumocyte: omega=32.27, kn=0.01147, kf=0.37033
    Lung|type II pneumocyte vs Marr|Fraction A pre-p..: omega=30.05, kn=0.01155, kf=0.34693
    Lung|type II pneumocyte vs Lung|macrophage: omega=29.77, kn=0.01170, kf=0.34837 (same tissue)
    Lung|type II pneumocyte vs Marr|B cell: omega=29.68, kn=0.01140, kf=0.33845
    Marr|granulocyte vs Marr|neutrophil: omega=28.93, kn=0.00470, kf=0.13584 (same tissue)
    Lung|type II pneumocyte vs Hear|endocardial cell: omega=28.83, kn=0.01261, kf=0.36361
    Live|liver sinusoid EC vs Lung|type II pneumocyte: omega=26.67, kn=0.01489, kf=0.39711
    Sple|B cell vs Lung|type II pneumocyte: omega=26.15, kn=0.01320, kf=0.34521

  Bottom 15 (lowest omega = most similar):
    Marr|hematopoietic st.. vs Marr|monocyte: omega=0.75, kn=0.02842, kf=0.02123 (same tissue)
    Sple|myeloid cell vs Lung|T cell: omega=0.74, kn=0.02303, kf=0.01699
    Kidn|fibroblast vs Marr|hematopoietic st..: omega=0.73, kn=0.04314, kf=0.03165
    Sple|myeloid cell vs Marr|monocyte: omega=0.71, kn=0.01997, kf=0.01417
    Sple|myeloid cell vs Marr|hematopoietic st..: omega=0.59, kn=0.03118, kf=0.01846
    Lung|dendritic cell vs Marr|hematopoietic st..: omega=0.58, kn=0.03614, kf=0.02110
    Lung|T cell vs Marr|B cell: omega=0.53, kn=0.01736, kf=0.00926
    Marr|B cell vs Marr|hematopoietic st..: omega=0.50, kn=0.02115, kf=0.01064 (same tissue)
    Live|B cell vs Sple|B cell: omega=0.50, kn=0.00454, kf=0.00228 (same CT)
    Live|B cell vs Lung|B cell: omega=0.49, kn=0.00958, kf=0.00471 (same CT)
    Sple|T cell vs Marr|T cell: omega=0.49, kn=0.00636, kf=0.00312 (same CT)
    Lung|T cell vs Marr|hematopoietic st..: omega=0.49, kn=0.03216, kf=0.01572
    Sple|B cell vs Lung|B cell: omega=0.45, kn=0.00868, kf=0.00390 (same CT)
    Sple|T cell vs Lung|T cell: omega=0.37, kn=0.01271, kf=0.00468 (same CT)
    Lung|T cell vs Marr|T cell: omega=0.28, kn=0.01749, kf=0.00495 (same CT)
  Saved: full_matrix_pairs.csv

============================================================
13. Generating category boxplot...
============================================================
  Saved: full_matrix_category_boxplot.png

============================================================
DONE. Phase 3.1 complete.
============================================================

============================================================
Phase 3.2: Multi-component k_f Calibration
============================================================

  Loading MSigDB Hallmark...
  [MSigDB failed: module 'gseapy.utils' has no attribute 'download_library']
  Fallback: pseudo-pathways from HVG partitions
  Using 20 pseudo-pathways

  Building pb DataFrame for ssGSEA...
  ssGSEA input: (22308, 38)

  Running ssGSEA (gseapy)...
  [ssGSEA failed: 'SingleSampleGSEA' object has no attribute 'results_df']
  Falling back to custom ssGSEA...
  Saved pathway scores: (38, 20)

============================================================
Weight Sweep: w1 (identity) + w2 (pathway)
============================================================

  Sweep: identity_only (w1=1.0, w2=0.0)
    AUC=0.786  effect_sep=2.70

  Sweep: w1=0.8_w2=0.2 (w1=0.8, w2=0.2)
    AUC=0.764  effect_sep=2.35

  Sweep: w1=0.5_w2=0.5 (w1=0.5, w2=0.5)
    AUC=0.691  effect_sep=1.76

  Sweep: w1=0.2_w2=0.8 (w1=0.2, w2=0.8)
    AUC=0.558  effect_sep=1.08

  Sweep: pathway_only (w1=0.0, w2=1.0)
    AUC=0.358  effect_sep=0.56

  Sweep summary:
        label  w1  w2      auc  effect_sep  omega_mean  omega_median
identity_only 1.0 0.0 0.785505    2.700079    5.708749      4.056675
w1=0.8_w2=0.2 0.8 0.2 0.764202    2.352191    4.758553      3.432032
w1=0.5_w2=0.5 0.5 0.5 0.690630    1.764742    3.333259      2.548591
w1=0.2_w2=0.8 0.2 0.8 0.557833    1.081419    1.907966      1.592246
 pathway_only 0.0 1.0 0.358346    0.560349    0.957770      0.836241

  Best: identity_only (AUC=0.786)

  Generating heatmap comparison...
  Saved: phase32_heatmap_comparison.png
  Generating category boxplot comparison...
  Saved: phase32_category_comparison.png
  Generating sweep bar plot...
  Saved: phase32_sweep_barplot.png

  Writing report...
  Saved: phase32_report.md

============================================================
DONE. Phase 3.2 complete.
============================================================
