======================================================================
Analysis D: Augur prioritization vs CKI brain class ranking
======================================================================

[1] Loading obs (backed)...
    shape: (888263, 59480)

[2] Group filters (mirror CKI v4)...
    eligible (ct, region) groups: 698
    eligible regions: 107
    sampled nuclei: 33036

[3] Per-class extraction + Augur (pyaugur, RF, macro-OvR AUC)...
    classes: 10
    Astrocyte                                     regions=107 cells= 5350 genes=16498 meanAUC=0.6137 (306s)
    Bergmann glia                                 regions=  7 cells=  284 genes=17703 meanAUC=0.6808 (211s)
    Choroid plexus                                regions=  6 cells=  264 genes=18704 meanAUC=0.8159 (256s)
    Committed oligodendrocyte precursor           regions= 52 cells= 2039 genes=16626 meanAUC=0.6346 (235s)
    Ependymal                                     regions= 40 cells= 1836 genes=17813 meanAUC=0.6664 (246s)
    Fibroblast                                    regions= 83 cells= 3660 genes=15185 meanAUC=0.5581 (230s)
    Microglia                                     regions=107 cells= 5346 genes=13588 meanAUC=0.5578 (219s)
    Oligodendrocyte                               regions=107 cells= 5350 genes=14360 meanAUC=0.5700 (293s)
    Oligodendrocyte precursor                     regions=107 cells= 5350 genes=16115 meanAUC=0.5781 (304s)
    Vascular                                      regions= 82 cells= 3557 genes=14537 meanAUC=0.5678 (231s)

[4] CKI class-level omega / k_f / k_n ...
    Augur vs CKI omega : Spearman rho = +0.1273, P = 0.7261
    Augur vs CKI k_f   : Spearman rho = +0.4909, P = 0.1497
    Augur vs CKI k_n   : Spearman rho = -0.0424, P = 0.9074

[5] Wrote C:\Users\KnightZ\Desktop\细胞受选择\results\augur_comparison_v45.json
    Wrote C:\Users\KnightZ\Desktop\细胞受选择\results\augur_comparison_v45_report.md

Done in 2533s
