1. Loading v44 pair table (ex-CC default)...
  25015 pairs after dropping 291 CC-touching pairs (NN=15306, TT=9709); 0 pairs with k_n<=0 excluded
2. Scanning TCGA matrix for panel genes (single pass)...
  target samples in matrix (ex-CC): 3564
  panel gene rows captured: 22 (88s)
3. Per-cancer panel scores (ex-CC standardization)...
  TCGA-LUAD: immune(7), myeloid(5), stromal(6), epithelial(4)
  TCGA-LUSC: immune(7), myeloid(5), stromal(6), epithelial(4)
  TCGA-LIHC: immune(6), myeloid(5), stromal(6), epithelial(4)
  TCGA-KIRC: immune(6), myeloid(5), stromal(6), epithelial(4)
  TCGA-BRCA: immune(7), myeloid(5), stromal(6), epithelial(4)
4. Cluster bootstrap by sample (B=1000, seed 42)...
    200/1000  (113s)
    400/1000  (131s)
    600/1000  (146s)
    800/1000  (181s)
    1000/1000  (195s)
nc52 TCGA composition check, ex-CC default (linear normalization): myeloid panel + cluster bootstrap
==============================================================================
Pairs: 25015 ex-CC (v44 linear-norm pair table; 291 CC-touching pairs dropped; 0 pairs with k_n<=0 excluded); CC samples also excluded from the z-score standardization population; panels: immune(7) + myeloid(5) + stromal(6) + epithelial(4)

Panel genes kept per cancer (after mean TPM>=0.5 filter):
  TCGA-LUAD: immune=CD3D,CD3E,CD79A,CD8A,GZMB,MS4A1,NKG7; myeloid=C1QA,CD163,CD68,FCGR3A,LST1; stromal=COL1A1,COL1A2,DCN,FAP,LUM,VIM; epithelial=EPCAM,KRT18,KRT19,KRT8
  TCGA-LUSC: immune=CD3D,CD3E,CD79A,CD8A,GZMB,MS4A1,NKG7; myeloid=C1QA,CD163,CD68,FCGR3A,LST1; stromal=COL1A1,COL1A2,DCN,FAP,LUM,VIM; epithelial=EPCAM,KRT18,KRT19,KRT8
  TCGA-LIHC: immune=CD3D,CD3E,CD79A,CD8A,GZMB,NKG7; myeloid=C1QA,CD163,CD68,FCGR3A,LST1; stromal=COL1A1,COL1A2,DCN,FAP,LUM,VIM; epithelial=EPCAM,KRT18,KRT19,KRT8
  TCGA-KIRC: immune=CD3D,CD3E,CD79A,CD8A,GZMB,NKG7; myeloid=C1QA,CD163,CD68,FCGR3A,LST1; stromal=COL1A1,COL1A2,DCN,FAP,LUM,VIM; epithelial=EPCAM,KRT18,KRT19,KRT8
  TCGA-BRCA: immune=CD3D,CD3E,CD79A,CD8A,GZMB,MS4A1,NKG7; myeloid=C1QA,CD163,CD68,FCGR3A,LST1; stromal=COL1A1,COL1A2,DCN,FAP,LUM,VIM; epithelial=EPCAM,KRT18,KRT19,KRT8

[C3_dcomp_TT_gt_NN_myeloid] |Delta myeloid|: TT median=0.748 NN median=0.747
    effect = 1.001    P = 0.982

[C3_dcomp_TT_gt_NN_overall3] |Delta overall3|: TT median=0.814 NN median=0.624
    effect = 1.305    P = 2.63e-135

[C3_dcomp_TT_gt_NN_overall4] |Delta overall4|: TT median=0.831 NN median=0.683
    effect = 1.216    P = 4.67e-68

[C4_attenuation_TCGA-LUAD] TT coef +1.0767 -> 3-panel +1.0599 (att +1.6%) -> 4-panel(+myeloid) +1.0978 (att -2.0%)
    effect = -0.01956

[C4_attenuation_TCGA-LUSC] TT coef +0.8489 -> 3-panel +0.8149 (att +4.0%) -> 4-panel(+myeloid) +0.9250 (att -9.0%)
    effect = -0.0897

[C4_attenuation_TCGA-LIHC] TT coef +0.5208 -> 3-panel +0.2590 (att +50.3%) -> 4-panel(+myeloid) +0.2912 (att +44.1%)
    effect = 0.4409

[C4_attenuation_TCGA-KIRC] TT coef +1.1805 -> 3-panel +0.9067 (att +23.2%) -> 4-panel(+myeloid) +0.9484 (att +19.7%)
    effect = 0.1967

[C4_attenuation_TCGA-BRCA] TT coef +0.9931 -> 3-panel +1.1344 (att -14.2%) -> 4-panel(+myeloid) +1.1514 (att -15.9%)
    effect = -0.1595

[C4_attenuation_pooled] TT coef +1.0277 -> 3-panel +0.9714 (att +5.5%) -> 4-panel(+myeloid) +1.0368 (att -0.9%)
    effect = -0.008888

[C5_spearman_kn_dcomp4_TT_pooled] rho(4-panel)=0.380 (n=9709)
    effect = 0.3803    P = 0

[C5_spearman_kn_dcomp4_TT_TCGA-LUAD] rho(4-panel)=0.352 (n=2000)
    effect = 0.3521    P = 1.91e-59

[C5_spearman_kn_dcomp4_TT_TCGA-LUSC] rho(4-panel)=0.284 (n=2000)
    effect = 0.2839    P = 2.19e-38

[C5_spearman_kn_dcomp4_TT_TCGA-LIHC] rho(4-panel)=0.235 (n=1709)
    effect = 0.2353    P = 6.21e-23

[C5_spearman_kn_dcomp4_TT_TCGA-KIRC] rho(4-panel)=0.513 (n=2000)
    effect = 0.5131    P = 9.51e-135

[C5_spearman_kn_dcomp4_TT_TCGA-BRCA] rho(4-panel)=0.223 (n=2000)
    effect = 0.2228    P = 6.53e-24

[BOOT_attenuation_pooled_4panel] median -0.8%, 95% CI [-4.3%, +2.5%] (B=1000, sample-level cluster bootstrap)
    effect = -0.007772

[BOOT_attenuation_pooled_3panel] median +5.4%, 95% CI [+2.3%, +8.2%] (B=1000)
    effect = 0.05354

[BOOT_attenuation_TCGA-LUAD_4panel] median -2.0%, 95% CI [-8.0%, +5.1%]
    effect = -0.02025

[BOOT_attenuation_TCGA-LUSC_4panel] median -9.8%, 95% CI [-26.6%, +6.1%]
    effect = -0.09785

[BOOT_attenuation_TCGA-LIHC_4panel] median +43.4%, 95% CI [+29.9%, +60.0%]
    effect = 0.4337

[BOOT_attenuation_TCGA-KIRC_4panel] median +19.5%, 95% CI [+14.5%, +25.3%]
    effect = 0.1952

[BOOT_attenuation_TCGA-BRCA_4panel] median -16.1%, 95% CI [-24.5%, -7.3%]
    effect = -0.1609


Saved: C:\Users\KnightZ\Desktop\细胞受选择\results\nc52_tcga_composition_excc.csv
Saved: C:\Users\KnightZ\Desktop\细胞受选择\results\nc52_tcga_composition_excc.txt
Total time: 195s
DONE
