============================================================
  CKI Submission Package v49 (NC, GB-rebuttal round) Builder
============================================================

[0] Collecting figures into figures_submission_nc ...

--- Regen Fig2 top row (NC v49.6) ---
Saved: results\figures_final\_fig2_toprow_nc49.pdf
Saved: results\figures_final\_fig2_toprow_nc49.png
Panel A: kn mean = 2.23e-4, CV = 34% (n=6)
Panel B: kn = ['2.2e-04', '8.6e-03', '1.6e-02', '2.6e-02'] kf = ['1.5e-03', '1.6e-01', '6.3e-01', '6.8e-01']
Panel C: X vs C Mann-Whitney P = 0.036
DONE.
  [OK] run: Regen Fig2 top row (NC v49.6)

--- Regen Fig2 bottom row (NC v49.7) ---
saved results/figures_final/_fig2_bottomrow_nc49.pdf
size: 178.00 x 72.00 mm
span sizes: {4.9: 5, 7.0: 69, 7.5: 5, 9.0: 2}
fonts: ['Arial-BoldMT', 'ArialMT', 'DejaVuSans-Oblique']
sub-7pt spans (mathtext only): {4.9: 5}
preview: results/audit/_fig2_bottomrow_v497.png 1052 x 426
  [OK] run: Regen Fig2 bottom row (NC v49.7)

--- Merge Fig2 (NC v49.7) ---
saved results/figures_final/figure2_merged_nc49.pdf: 504.6 x 419.9 pt = 178.0 x 148.1 mm
span sizes: {4.9: 16, 5.6: 2, 6.3: 3, 7.0: 123, 7.5: 5, 8.0: 5, 9.0: 11}
fonts: ['Arial-BoldMT', 'ArialMT', 'DejaVuSans-Oblique']
primary text spans >= 7 pt: 144
mathtext sub/superscript spans (<7 pt): {4.9: 16, 5.6: 2, 6.3: 3}
preview: results/audit/_merge_final.png 1052 x 875
  [OK] run: Merge Fig2 (NC v49.7)
  [OK] V49-1 figures staged = 20 (6 main + 13 supp + GA pdf) got 20

[1] Preparing CKI_Submission_v49_NC ...

[2] Regenerating DOCX files ...

--- Generate Manuscript (NC v49) ---
Superscripted citation groups: 76
Saved: C:\Users\KnightZ\Desktop\细胞受选择\results\CKI_Tables_NC.xlsx
Saved: C:\Users\KnightZ\Desktop\细胞受选择\results\CKI_Manuscript_NC.docx
  [OK] run: Generate Manuscript (NC v49)

--- Generate Supplementary (NC v49) ---
Saved: results/CKI_Supplementary_NC.docx
Paragraphs: 216
Saved: results/CKI_Supplementary_Tables_NC.xlsx (sheets: 15)
  [OK] run: Generate Supplementary (NC v49)

--- Generate Cover Letter (NC v49) ---
Saved: C:\Users\KnightZ\Desktop\细胞受选择\results\CKI_NC_Cover_Letter.docx
  [OK] run: Generate Cover Letter (NC v49)

--- Generate Repro Guide (NC) ---
Generated: C:/Users/KnightZ/Desktop/细胞受选择/results/CKI_Reproducibility_Guide_NC.docx
Size: 43.1 KB
  [OK] run: Generate Repro Guide (NC)
  [OK] DOCX exists: CKI_Manuscript_NC.docx
  [OK] DOCX exists: CKI_Supplementary_NC.docx
  [OK] DOCX exists: CKI_NC_Cover_Letter.docx
  [OK] DOCX exists: CKI_Reproducibility_Guide_NC.docx

[2f] Extracting fulltext ...
  CKI_Manuscript_NC_fulltext.txt: 174,263 bytes
  CKI_Supplementary_NC_fulltext.txt: 111,566 bytes
  CKI_NC_Cover_Letter_fulltext.txt: 3,487 bytes
  CKI_Reproducibility_Guide_NC_fulltext.txt: 76,936 bytes
  [OK] Tables xlsx exists
  [OK] SI Tables xlsx exists

[4] Creating ZIP ...
  zip: 12,266,868 B (27 entries)

============================================================
  v49 Verification
============================================================

--- nc49 MS self-check ---
[PASS] ref 48 = CZI CELLxGENE (moved from old 55) 
[PASS] ref 52/53 = Perou/Parker (moved from old 16/17) 
[PASS] ref 54 = Edmondson (moved from old 15) 
[PASS] ref 57 = Efron bootstrap (moved from old 54) 
[PASS] refs 49-51 = Weinstein/Colaprico/Cerami (moved from old 49-51) 
TOTAL: 117 checks, 0 failures
  [OK] run: nc49 MS self-check

--- nc49 SI self-check ---
[PASS] 3.13 short heading ref 
[PASS] 3.13 KRAS magnitude restored 
[PASS] 3.13 Hallmark paragraph 
[PASS] 3.13 kf_composition output listed 
[PASS] no TODO in SI 
TOTAL: 109 checks, 0 failures
  [OK] run: nc49 SI self-check

--- nc49 CL+Guide self-check ---
[PASS] Guide SI param-justification ref updated 
[PASS] Guide Jaccard honest framing 
[PASS] Guide B-group scripts listed 
[PASS] Guide B-group outputs listed 
[PASS] Guide kf_composition listed 
TOTAL: 39 checks, 0 failures
  [OK] run: nc49 CL+Guide self-check

--- SN (inline) ---
  [OK] V49-S1 no decimal Note refs in SN
  [OK] V49-S2 no Fig. S in SN
  [OK] V49-S3 no Table S in SN
  [OK] V49-S4 no Additional file in SN
  [OK] V49-S5 SN Note headings 1..15 ([1, 2, 3, 4, 5, 6, 7, 8, 9, 10, 11, 12, 13, 14, 15])
  [OK] V49-S6 SN Supplementary Fig. refs = 8 (8)
  [OK] V49-S7 SN Supplementary Table refs = 41 post-v49.5 (41)
  [OK] V49-S8 SN Sections 3.12/3.13 present (renumbered from 3.20/3.21)
  [OK] V49-S9 no TODO in SN
  [OK] V49-G1 Guide cites Supplementary Note 13
  [OK] V49-G2 Guide Section 3.9 pointer (renumbered from 3.11)
  [OK] V49-G3 no decimal Note refs in Guide
  [OK] V49-G4 no S-naming in Guide
  [OK] V49-C1 CL names Nature Communications x2+
  [OK] V49-C2 no Genome Biology in CL
  [OK] V49-C3 CL carries the NC title
  [OK] V49-C4 CL new-evidence frame (no rebuttal-speak, no 5th-of-5)
  [OK] V49-C5 CL change-detection framing (no classification AUC)
  [OK] V49-C5b no baseline-* phrasing in CL (EGFR dissolved)
  [OK] V49-C6 CL declarations paragraph removed
  [OK] V49-C7 CL reviewer: Theis
  [OK] V49-C7 CL reviewer: Welch
  [OK] V49-C7 CL reviewer: Linnarsson
  [OK] V49-C7 CL reviewer: Sch
  [OK] V49-C7 CL reviewer: Zemin Zhang
  [OK] V49-C8 CL one-page word budget (468)

--- scientific anchors (v48 subset) ---
  [OK] V49-A2 calibration CI
  [OK] V49-A3 equal-n gradient
  [OK] V49-A4 Augur OvR vs omega
  [OK] V49-A5 Augur OvR vs k_f
  [OK] V49-A6 Kang cells
  [OK] V49-A7 human pairs (phase35)
  [OK] V49-A8 brain pairs
  [OK] V49-A9 null expectation
  [OK] V49-A10 AUC
  [OK] V49-A11 regional gradient
  [OK] V49-A13 ratio bias
  [OK] V49-A14 omega baseline
  [OK] V49-A15 Zenodo v0.5.0 DOI
  [OK] V49-A16 Kang GEO
  [OK] V49-A17 TCGA/brain GEO in Data availability
  [OK] V49-A12 bootstrap-t coverage (SN)

--- v49 new-content anchors ---
  [OK] V49-N1 Kang omega calibration median
  [OK] V49-N2 Kang raw-JS FPR
  [OK] V49-N3 Kang cosine FPR
  [OK] V49-N4 brain T1 pairs
  [OK] V49-N5 brain T1 omega FPR
  [OK] V49-N6 brain T2 omega FPR
  [OK] V49-N7 marker-Jaccard T3 calibration
  [OK] V49-N8 relative-calibration phrasing
  [OK] V49-N9 Section 3.12 pointer x2
  [OK] V49-N10 LUAD NN/TT ratio
  [OK] V49-N11 LIHC NN/TT ratio (post-CC)
  [OK] V49-N12 k_n fold elevation (mean, post-CC)
  [OK] V49-N13 LUAD KRAS mean omega
  [OK] V49-N14 LUAD WT mean omega
  [OK] V49-N15 bulk positioning phrase
  [OK] V49-N16 Cox HR CI post-CC (NO-GO)
  [OK] V49-N17 exactly 3 Section 3.12 pointers in MS (post-CC)
  [OK] V49-N18 stale gone: 'TCGA; exploratory'
  [OK] V49-N18 stale gone: 'apparent tumor homogeneity'
  [OK] V49-N18 stale gone: 'TODO-nc49'
  [OK] V49-N19 Figure 1 legend present
  [OK] V49-N19 Figure 2 legend present
  [OK] V49-N19 Figure 3 legend present
  [OK] V49-N19 Figure 4 legend present
  [OK] V49-N19 Figure 5 legend present
  [OK] V49-N19 Figure 6 legend present
  [OK] V49-N20 Figure 3 legend is drift ladder
  [OK] V49-N21 Figure 4 legend is pan-cancer map
  [OK] V49-N21b Figure 2 legend: calibration + TS correlation + change-detection ROC (panels a-e)
  [OK] V49-N22 Abstract words <= 200 (197)
  [OK] V49-N23 purity-adjusted KRAS omega
  [OK] V49-N24 joint-adjusted KRAS omega
  [OK] V49-N25 high-purity LUAD ratio
  [OK] V49-N27 admixture caveat phrase
  [OK] V49-N26 KIRC kn~admix P post-CC (SuppTable 15 xlsx caption)
  [OK] V49-N35 main Tables xlsx = single Table 1 sheet (cross-organ)
  [OK] V49-N36 classification benchmark cut from MS
  [OK] V49-N37 main Table 2 renumbered to Table 1
  [OK] V49-N38 Scope design argument present (HK anchor cell-type-specific)
  [OK] V49-N39 A1 MS availability lists 19 supplementary tables
  [OK] V49-N40 A5 brain enumeration sums to 39 (OPC lineage included)
  [OK] V49-N41 A6 mean/median caliber cross-pointer (TCGA k_n ratios)
  [OK] V49-N42 A2 SI main-text figure pointers corrected to Fig. 3
  [OK] V49-N42b A2 no stale Fig. 4 panel pointers in SI
  [OK] V49-N43 A3 SI Note 9 points to Table 1
  [OK] V49-N44 A7 SI Note 14 Augur pointer = ref. 37
  [OK] V49-N45 B1 SI weight-scheme AUC reconciliation clause
  [OK] V49-N46 B2 Ka/Ks structural inversion + MK ref [34]
  [OK] V49-N47 B3 Table 1 cross-type caveat
  [OK] V49-N48 B4 Abstract leads with size-balanced gradient
  [OK] V49-N49 B5 brain screen donor-confounding disclosure
  [OK] V49-N50 B7 CC provenance disclosure (32 LUSC->LIHC)
  [OK] V49-N51 B8 TCGA cluster-bootstrap interval type stated (percentile)
  [OK] V49-N52 A4 Guide estimator-comparison pointer = Fig. 7
  [OK] V49-N56 N1 seed 20260905 declared in MS Methods
  [OK] V49-N56b N1 seed 20260905 in Guide checklist
  [OK] V49-N57 C6 studentized bootstrap-t pivot/SE described
  [OK] V49-N58 N2 Discussion composition numbers = post-CC linear caliber
  [OK] V49-N58b N2 Results composition caliber (point + bootstrap median, post-CC linear)
  [OK] V49-N65 N2 SI Note 8 softmax regression labeled superseded
  [OK] V49-N65b A2 SI Note 8 linear update = post-CC caliber
  [OK] V49-N66 N1 Guide seed exceptions cover notebook 89
  [OK] V49-N59 N3 threshold-sweep gradient values completed
  [OK] V49-N60 C5 Results/Discussion lead with size-balanced gradient
  [OK] V49-N61 C7 class-size Pearson correlation added
  [OK] V49-N62 C4 CC sensitivity analysis (fourth control)
  [OK] V49-N63 C2 omega-increment honest framing sentence
  [OK] V49-N63b C3 caveat in Table 1 xlsx caption
  [OK] V49-N64 N5 Guide environment completes seaborn/statsmodels/meld/pyaugur
  [OK] V49-N67 B1 span-matched intra-cerebellar control (3.68) in MS
  [OK] V49-N68 B2 equal-n k_f/k_n decomposition (2.09/1.29/0.31) in MS
  [OK] V49-N69 B3 calibration leave-one-out in MS
  [OK] V49-N70 B4 LUAD whole-tumor label permutation in MS
  [OK] V49-N71 C4b log-omega scale sensitivity in MS
  [OK] V49-N72 B5/B6 CC exclusion sensitivity + barcode audit in MS
  [OK] V49-N73 A7 donor-stratified transparency table in SI Note 12
  [OK] V49-N74 C3 SI Note 14 Augur variants parallel + pyaugur self-report
  [OK] V49-N75 A4 CL priority claim qualified
  [OK] V49-N76 A1/A2 Guide softmax superseded labels + 5.11 + aggregation default
  [OK] V49-N77 B-group output exists: results/nc49_brain_region_matched.txt
  [OK] V49-N77 B-group output exists: results/nc49_calib_leave_one_out.txt
  [OK] V49-N77 B-group output exists: results/nc49_tcga_luad_mutation_perm.csv
  [OK] V49-N77 B-group output exists: results/nc49_tcga_luad_logomega_sensitivity.csv
  [OK] V49-N77 B-group output exists: results/nc49_cc_barcode_audit.csv
  [OK] V49-N77 B-group output exists: results/nc49_cc_excl_sensitivity.csv
  [OK] V49-N77 B-group output exists: results/nc49_donor_stratified_table.csv
  [OK] V49-N77 B-group output exists: results/brain_v49_downsample_kfkn_summary.json
  [OK] V49-N53 MK fourfold correspondence in MS Discussion (self-grading removed)
  [OK] V49-N54 SI 1.4 threefold correspondence synced
  [OK] V49-N55 Fig 1a legend counterpart mapping + calibration anchor
  [OK] V49-N28 no baseline-* phrasing in MS (EGFR dissolved)
  [OK] V49-N29 sample total post-CC
  [OK] V49-N30 Abstract ratio range post-CC
  [OK] V49-N31 Cox P post-CC
  [OK] V49-N32 stale gone from MS: '1.822'
  [OK] V49-N32 stale gone from MS: '1.133'
  [OK] V49-N32 stale gone from MS: '1.895'
  [OK] V49-N32 stale gone from MS: '1.13–2.46'
  [OK] V49-N33 Note 9 LIHC severity post-CC (SN prose)
  [OK] V49-N34 stale gone from SN: '82.4 / 74.7'
  [OK] V49-N34 stale gone from SN: '1.05 × 10⁻¹²'
  [OK] V49-N34 stale gone from SN: 'about 10-19'

--- structural spot checks ---
  [OK] V49-SC1 Introduction ends 'Here, we show'
  [OK] V49-SC3 no 'Conclusions' anywhere
  [OK] V49-SC4 no Keywords line
  [OK] V49-SC5 notes 1/15 cited
  [OK] V49-SC6 supp fig 1 cited

--- package integrity ---
  [OK] V49-P1 zip rooted
  [OK] V49-P2 CKI_Manuscript_NC.docx
  [OK] V49-P2 CKI_Supplementary_NC.docx
  [OK] V49-P2 CKI_NC_Cover_Letter.docx
  [OK] V49-P2 CKI_Reproducibility_Guide_NC.docx
  [OK] V49-P2 MANIFEST_v49.txt
  [OK] V49-P2 Supplementary_Fig_1.pdf
  [OK] V49-P2 Supplementary_Fig_13.pdf
  [OK] V49-P2 figure2.pdf
  [OK] V49-P2 figure3.pdf
  [OK] V49-P2 figure6.pdf
  [OK] V49-P2 CKI_graphical_abstract.pdf
  [OK] V49-P2 CKI_Tables_NC.xlsx
  [OK] V49-P2 CKI_Supplementary_Tables_NC.xlsx
  [OK] V49-P3 no old supp figure naming ([])
  [OK] V49-P4 pdf-only figures + word-only docs (no png/svg/txt)
  [OK] V49-P5 MS docx contains no tables (tables live in CKI_Tables_NC.xlsx)
  [OK] V49-P6 SI docx contains no tables (tables live in CKI_Supplementary_Tables_NC.xlsx)

============================================================
  Passed: 184  Failed: 0

  *** ALL CHECKS PASSED — v49 (NC GB-rebuttal) FINAL ***
