============================================================
  CKI Submission Package v49 (NC, GB-rebuttal round) Builder
============================================================

[0] Collecting figures into figures_submission_nc ...
  [OK] V49-1 figures staged = 23 (7 main + 13 supp + GA x3) got 23

[1] Preparing CKI_Submission_v49_NC ...

[2] Regenerating DOCX files ...

--- Generate Manuscript (NC v49) ---
Superscripted citation groups: 72
Saved: C:\Users\KnightZ\Desktop\细胞受选择\results\CKI_Manuscript_NC.docx
  [OK] run: Generate Manuscript (NC v49)

--- Generate Supplementary (NC v49) ---
Saved: results/CKI_Supplementary_NC.docx
Paragraphs: 210
  [OK] run: Generate Supplementary (NC v49)

--- Generate Cover Letter (NC v49) ---
Saved: C:\Users\KnightZ\Desktop\细胞受选择\results\CKI_NC_Cover_Letter.docx
  [OK] run: Generate Cover Letter (NC v49)

--- Generate Repro Guide (NC) ---
Generated: C:/Users/KnightZ/Desktop/细胞受选择/results/CKI_Reproducibility_Guide_NC.docx
Size: 37.6 KB
  [OK] run: Generate Repro Guide (NC)
  [OK] DOCX exists: CKI_Manuscript_NC.docx
  [OK] DOCX exists: CKI_Supplementary_NC.docx
  [OK] DOCX exists: CKI_NC_Cover_Letter.docx
  [OK] DOCX exists: CKI_Reproducibility_Guide_NC.docx

[2f] Extracting fulltext ...
  CKI_Manuscript_NC_fulltext.txt: 154,628 bytes
  CKI_Supplementary_NC_fulltext.txt: 106,015 bytes
  CKI_NC_Cover_Letter_fulltext.txt: 3,912 bytes
  CKI_Reproducibility_Guide_NC_fulltext.txt: 62,012 bytes

[4] Creating ZIP ...
  zip: 12,925,433 B (32 entries)

============================================================
  v49 Verification
============================================================

--- nc49 MS self-check ---
[PASS] drift Results heading 
[PASS] drift Methods heading 
[PASS] Kang Wilson CI 
[PASS] main figure legends 1-7 in order ['Figure 1. Th', 'Figure 2. CK', 'Figure 3. Co', 'Figure 4. Re', 'Figure 5. Pa', 'Figure 6. Cr', 'Figure 7. Br']
[PASS] Section 3.20 referenced twice 
TOTAL: 18 checks, 0 failures
  [OK] run: nc49 MS self-check

--- nc49 SI self-check ---
[PASS] Table (Section 3.20b) 
[PASS] Table (Section 3.21a) 
[PASS] Table (Section 3.21b) 
[PASS] Table (Section 3.21c) 
[PASS] Table (Section 3.21d) 
TOTAL: 34 checks, 0 failures
  [OK] run: nc49 SI self-check

--- guide check (v48, unchanged) ---
'Supplementary Note N' occurrences: 1 (expected 1); distinct: ['Supplementary Note 13']
'Section 3.11 of the Supplementary Information (Parameter Justification)': 1 (expected 1)
distinct 'Supplementary Fig. N': ['Supplementary Fig. 1', 'Supplementary Fig. 10', 'Supplementary Fig. 12', 'Supplementary Fig. 8']
'Supplementary Information' occurrences: 1
artifact path Supplementary_Figure_S13.pdf kept: 1
VERIFY PASS
  [OK] run: guide check (v48, unchanged)

--- SN (inline) ---
  [OK] V49-S1 no decimal Note refs in SN
  [OK] V49-S2 no Fig. S in SN
  [OK] V49-S3 no Table S in SN
  [OK] V49-S4 no Additional file in SN
  [OK] V49-S5 SN Note headings 1..15 ([1, 2, 3, 4, 5, 6, 7, 8, 9, 10, 11, 12, 13, 14, 15])
  [OK] V49-S6 SN Supplementary Fig. refs = 8 (8)
  [OK] V49-S7 SN Supplementary Table refs = 14 (14)
  [OK] V49-S8 SN Sections 3.20/3.21 present
  [OK] V49-S9 no TODO in SN
  [OK] V49-G1 Guide cites Supplementary Note 13
  [OK] V49-G2 Guide Section 3.11 pointer
  [OK] V49-G3 no decimal Note refs in Guide
  [OK] V49-G4 no S-naming in Guide
  [OK] V49-C1 CL names Nature Communications x2+
  [OK] V49-C2 no Genome Biology in CL
  [OK] V49-C3 CL carries the NC title
  [OK] V49-C4 CL direct rebuttal of GB concerns
  [OK] V49-C5 CL cites AUC 0.680 (by-design admission)
  [OK] V49-C6 CL Zenodo DOI
  [OK] V49-C7 CL reviewer: Theis
  [OK] V49-C7 CL reviewer: Welch
  [OK] V49-C7 CL reviewer: Linnarsson
  [OK] V49-C7 CL reviewer: Sch
  [OK] V49-C7 CL reviewer: Zemin Zhang
  [OK] V49-C8 CL one-page word budget (521)

--- scientific anchors (v48 subset) ---
  [OK] V49-A2 calibration CI
  [OK] V49-A3 equal-n gradient
  [OK] V49-A4 Augur OvR vs omega
  [OK] V49-A5 Augur OvR vs k_f
  [OK] V49-A6 Kang cells
  [OK] V49-A7 human pairs (phase35)
  [OK] V49-A8 brain pairs
  [OK] V49-A9 null expectation
  [OK] V49-A10 AUC
  [OK] V49-A11 regional gradient
  [OK] V49-A13 ratio bias
  [OK] V49-A14 omega baseline
  [OK] V49-A15 Zenodo v0.5.0 DOI
  [OK] V49-A16 Kang GEO
  [OK] V49-A17 TCGA/brain GEO in Data availability
  [OK] V49-A12 bootstrap-t coverage (SN)

--- v49 new-content anchors ---
  [OK] V49-N1 Kang omega calibration median
  [OK] V49-N2 Kang raw-JS FPR
  [OK] V49-N3 Kang cosine FPR
  [OK] V49-N4 brain T1 pairs
  [OK] V49-N5 brain T1 omega FPR
  [OK] V49-N6 brain T2 omega FPR
  [OK] V49-N7 marker-Jaccard T3 calibration
  [OK] V49-N8 relative-calibration phrasing
  [OK] V49-N9 Section 3.20 pointer x2
  [OK] V49-N10 LUAD NN/TT ratio
  [OK] V49-N11 LIHC NN/TT ratio
  [OK] V49-N12 k_n fold elevation (median)
  [OK] V49-N13 LUAD KRAS mean omega
  [OK] V49-N14 LUAD WT mean omega
  [OK] V49-N15 bulk positioning phrase
  [OK] V49-N16 Cox HR CI (NO-GO)
  [OK] V49-N17 exactly 2 Section 3.20 pointers in MS
  [OK] V49-N18 stale gone: 'TCGA; exploratory'
  [OK] V49-N18 stale gone: 'apparent tumor homogeneity'
  [OK] V49-N18 stale gone: 'TODO-nc49'
  [OK] V49-N19 Figure 1 legend present
  [OK] V49-N19 Figure 2 legend present
  [OK] V49-N19 Figure 3 legend present
  [OK] V49-N19 Figure 4 legend present
  [OK] V49-N19 Figure 5 legend present
  [OK] V49-N19 Figure 6 legend present
  [OK] V49-N19 Figure 7 legend present
  [OK] V49-N20 Figure 4 legend is drift ladder
  [OK] V49-N21 Figure 5 legend is pan-cancer map
  [OK] V49-N22 Abstract words <= 150 (144)

--- structural spot checks ---
  [OK] V49-SC1 Introduction ends 'Here, we show'
  [OK] V49-SC3 no 'Conclusions' anywhere
  [OK] V49-SC4 no Keywords line
  [OK] V49-SC5 notes 1/15 cited
  [OK] V49-SC6 supp fig 1 cited

--- package integrity ---
  [OK] V49-P1 zip rooted
  [OK] V49-P2 CKI_Manuscript_NC.docx
  [OK] V49-P2 CKI_Supplementary_NC.docx
  [OK] V49-P2 CKI_NC_Cover_Letter.docx
  [OK] V49-P2 CKI_Reproducibility_Guide_NC.docx
  [OK] V49-P2 MANIFEST_v49.txt
  [OK] V49-P2 Supplementary_Fig_1.pdf
  [OK] V49-P2 Supplementary_Fig_13.pdf
  [OK] V49-P2 figure4.pdf
  [OK] V49-P2 figure5.pdf
  [OK] V49-P2 figure7.pdf
  [OK] V49-P2 CKI_graphical_abstract.pdf
  [OK] V49-P3 no old supp figure naming ([])

============================================================
  Passed: 101  Failed: 0

  *** ALL CHECKS PASSED — v49 (NC GB-rebuttal) FINAL ***
