1. Loading v44 pair table...
  25306 pairs (NN=15306, TT=10000)
2. Scanning TCGA matrix for panel genes (single pass)...
  target samples in matrix: 3564
  panel gene rows captured: 22 (47s)
3. Per-cancer panel scores...
  TCGA-LUAD: immune(7), myeloid(5), stromal(6), epithelial(4)
  TCGA-LUSC: immune(7), myeloid(5), stromal(6), epithelial(4)
  TCGA-LIHC: immune(6), myeloid(5), stromal(6), epithelial(4)
  TCGA-KIRC: immune(6), myeloid(5), stromal(6), epithelial(4)
  TCGA-BRCA: immune(7), myeloid(5), stromal(6), epithelial(4)
4. Cluster bootstrap by sample (B=1000, seed 42)...
    50/1000  (54s)
    100/1000  (58s)
    150/1000  (61s)
    200/1000  (65s)
    250/1000  (69s)
    300/1000  (72s)
    350/1000  (75s)
    400/1000  (78s)
    450/1000  (80s)
    500/1000  (83s)
    550/1000  (86s)
    600/1000  (90s)
    650/1000  (93s)
    700/1000  (95s)
    750/1000  (98s)
    800/1000  (101s)
    850/1000  (103s)
    900/1000  (106s)
    950/1000  (109s)
    1000/1000  (112s)
TCGA composition check v44 (linear normalization): myeloid panel + cluster bootstrap
==============================================================================
Pairs: 25306 (v44 linear-norm recompute, 85_tcga_linear_norm_v44.py, seed 42; 0 pairs with k_n<=0 excluded); panels: immune(7) + myeloid(5) + stromal(6) + epithelial(4)

Panel genes kept per cancer (after mean TPM>=0.5 filter):
  TCGA-LUAD: immune=CD3D,CD3E,CD79A,CD8A,GZMB,MS4A1,NKG7; myeloid=C1QA,CD163,CD68,FCGR3A,LST1; stromal=COL1A1,COL1A2,DCN,FAP,LUM,VIM; epithelial=EPCAM,KRT18,KRT19,KRT8
  TCGA-LUSC: immune=CD3D,CD3E,CD79A,CD8A,GZMB,MS4A1,NKG7; myeloid=C1QA,CD163,CD68,FCGR3A,LST1; stromal=COL1A1,COL1A2,DCN,FAP,LUM,VIM; epithelial=EPCAM,KRT18,KRT19,KRT8
  TCGA-LIHC: immune=CD3D,CD3E,CD79A,CD8A,GZMB,NKG7; myeloid=C1QA,CD163,CD68,FCGR3A,LST1; stromal=COL1A1,COL1A2,DCN,FAP,LUM,VIM; epithelial=EPCAM,KRT18,KRT19,KRT8
  TCGA-KIRC: immune=CD3D,CD3E,CD79A,CD8A,GZMB,NKG7; myeloid=C1QA,CD163,CD68,FCGR3A,LST1; stromal=COL1A1,COL1A2,DCN,FAP,LUM,VIM; epithelial=EPCAM,KRT18,KRT19,KRT8
  TCGA-BRCA: immune=CD3D,CD3E,CD79A,CD8A,GZMB,MS4A1,NKG7; myeloid=C1QA,CD163,CD68,FCGR3A,LST1; stromal=COL1A1,COL1A2,DCN,FAP,LUM,VIM; epithelial=EPCAM,KRT18,KRT19,KRT8

[C3_dcomp_TT_gt_NN_myeloid] |Delta myeloid|: TT median=0.739 NN median=0.747
    effect = 0.9894    P = 0.998

[C3_dcomp_TT_gt_NN_overall3] |Delta overall3|: TT median=0.814 NN median=0.624
    effect = 1.305    P = 3.57e-137

[C3_dcomp_TT_gt_NN_overall4] |Delta overall4|: TT median=0.831 NN median=0.683
    effect = 1.216    P = 1.28e-66

[C4_attenuation_TCGA-LUAD] TT coef +1.0767 -> 3-panel +1.0599 (att +1.6%) -> 4-panel(+myeloid) +1.0978 (att -2.0%)
    effect = -0.01956

[C4_attenuation_TCGA-LUSC] TT coef +0.8489 -> 3-panel +0.8149 (att +4.0%) -> 4-panel(+myeloid) +0.9250 (att -9.0%)
    effect = -0.0897

[C4_attenuation_TCGA-LIHC] TT coef +0.5299 -> 3-panel +0.3138 (att +40.8%) -> 4-panel(+myeloid) +0.3510 (att +33.8%)
    effect = 0.3376

[C4_attenuation_TCGA-KIRC] TT coef +1.1805 -> 3-panel +0.9067 (att +23.2%) -> 4-panel(+myeloid) +0.9484 (att +19.7%)
    effect = 0.1967

[C4_attenuation_TCGA-BRCA] TT coef +0.9931 -> 3-panel +1.1344 (att -14.2%) -> 4-panel(+myeloid) +1.1514 (att -15.9%)
    effect = -0.1595

[C4_attenuation_pooled] TT coef +1.0416 -> 3-panel +0.9892 (att +5.0%) -> 4-panel(+myeloid) +1.0547 (att -1.3%)
    effect = -0.01258

[C5_spearman_kn_dcomp4_TT_pooled] rho(4-panel)=0.364 (n=10000)
    effect = 0.3642    P = 0

[C5_spearman_kn_dcomp4_TT_TCGA-LUAD] rho(4-panel)=0.352 (n=2000)
    effect = 0.3521    P = 1.91e-59

[C5_spearman_kn_dcomp4_TT_TCGA-LUSC] rho(4-panel)=0.284 (n=2000)
    effect = 0.2839    P = 2.19e-38

[C5_spearman_kn_dcomp4_TT_TCGA-LIHC] rho(4-panel)=0.196 (n=2000)
    effect = 0.1964    P = 7.68e-19

[C5_spearman_kn_dcomp4_TT_TCGA-KIRC] rho(4-panel)=0.513 (n=2000)
    effect = 0.5131    P = 9.51e-135

[C5_spearman_kn_dcomp4_TT_TCGA-BRCA] rho(4-panel)=0.223 (n=2000)
    effect = 0.2228    P = 6.53e-24

[BOOT_attenuation_pooled_4panel] median -1.3%, 95% CI [-4.8%, +2.0%] (B=1000, sample-level cluster bootstrap)
    effect = -0.01266

[BOOT_attenuation_pooled_3panel] median +4.9%, 95% CI [+2.1%, +7.6%] (B=1000)
    effect = 0.04855

[BOOT_attenuation_TCGA-LUAD_4panel] median -2.0%, 95% CI [-7.8%, +4.2%]
    effect = -0.02045

[BOOT_attenuation_TCGA-LUSC_4panel] median -10.0%, 95% CI [-27.8%, +6.8%]
    effect = -0.1002

[BOOT_attenuation_TCGA-LIHC_4panel] median +32.8%, 95% CI [+21.5%, +48.1%]
    effect = 0.3276

[BOOT_attenuation_TCGA-KIRC_4panel] median +19.6%, 95% CI [+14.1%, +25.1%]
    effect = 0.1959

[BOOT_attenuation_TCGA-BRCA_4panel] median -16.1%, 95% CI [-24.6%, -7.4%]
    effect = -0.1612


Saved: C:\Users\KnightZ\Desktop\细胞受选择\results\tcga_composition_v44.csv
Saved: C:\Users\KnightZ\Desktop\细胞受选择\results\tcga_composition_v44.txt
Total time: 112s
